
[1;32mUsing java version 25.0.2-graalce in this shell.[0m
SLF4J(W): No SLF4J providers were found.
SLF4J(W): Defaulting to no-operation (NOP) logger implementation
SLF4J(W): See https://www.slf4j.org/codes.html#noProviders for further details.

[1;32mUsing java version 25.0.2-graalce in this shell.[0m
Note: Some input files use unchecked or unsafe operations.
Note: Recompile with -Xlint:unchecked for details.
SLF4J(W): No SLF4J providers were found.
SLF4J(W): Defaulting to no-operation (NOP) logger implementation
SLF4J(W): See https://www.slf4j.org/codes.html#noProviders for further details.

[1;32mUsing java version 25.0.2-graalce in this shell.[0m
Note: Some input files use unchecked or unsafe operations.
Note: Recompile with -Xlint:unchecked for details.
SLF4J(W): No SLF4J providers were found.
SLF4J(W): Defaulting to no-operation (NOP) logger implementation
SLF4J(W): See https://www.slf4j.org/codes.html#noProviders for further details.

[1;32mUsing java version 25.0.2-graalce in this shell.[0m
Note: Some input files use unchecked or unsafe operations.
Note: Recompile with -Xlint:unchecked for details.
SLF4J(W): No SLF4J providers were found.
SLF4J(W): Defaulting to no-operation (NOP) logger implementation
SLF4J(W): See https://www.slf4j.org/codes.html#noProviders for further details.

[1;32mUsing java version 25.0.2-graalce in this shell.[0m
Note: Some input files use unchecked or unsafe operations.
Note: Recompile with -Xlint:unchecked for details.
SLF4J(W): No SLF4J providers were found.
SLF4J(W): Defaulting to no-operation (NOP) logger implementation
SLF4J(W): See https://www.slf4j.org/codes.html#noProviders for further details.

[1;32mUsing java version 25.0.2-graalce in this shell.[0m
Note: Some input files use unchecked or unsafe operations.
Note: Recompile with -Xlint:unchecked for details.
SLF4J(W): No SLF4J providers were found.
SLF4J(W): Defaulting to no-operation (NOP) logger implementation
SLF4J(W): See https://www.slf4j.org/codes.html#noProviders for further details.
